// Jest Snapshot v1, https://goo.gl/fbAQLP

exports[`<Backdrop /> 1`] = `
<div
  class="sc-bdVaJa hLPwAO"
  data-testid="backdrop"
/>
`;
